Component: ARM Compiler 5.06 update 7 (build 960) Tool: armlink [4d3601]

==============================================================================

Section Cross References

    principale.o(i.main) refers to girouette.o(i.Conf_Girouette) for Conf_Girouette
    principale.o(i.main) refers to servomtr.o(i.Init_SERVOMTR) for Init_SERVOMTR
    principale.o(i.main) refers to plateaumtr.o(i.Init_PLATEAUMTR) for Init_PLATEAUMTR
    principale.o(i.main) refers to usart.o(i.MYUSART_Config) for MYUSART_Config
    principale.o(i.main) refers to usart.o(i.MYUSART_IT) for MYUSART_IT
    principale.o(i.main) refers to girouette.o(i.Get_Angle_Girouette) for Get_Angle_Girouette
    principale.o(i.main) refers to servomtr.o(i.Commande_SERVOMTR) for Commande_SERVOMTR
    principale.o(i.main) refers to plateaumtr.o(i.Commande_PLATEAUMTR) for Commande_PLATEAUMTR
    principale.o(i.main) refers to principale.o(.data) for theta
    girouette.o(i.Conf_Girouette) refers to girouette.o(i.IncEncoder_TIMER_Config) for IncEncoder_TIMER_Config
    girouette.o(i.Conf_Girouette) refers to girouette.o(i.IncEncoder_AngleZero) for IncEncoder_AngleZero
    girouette.o(i.Get_Angle_Girouette) refers to ffltui.o(.text) for __aeabi_ui2f
    girouette.o(i.Get_Angle_Girouette) refers to fdiv.o(.text) for __aeabi_fdiv
    girouette.o(i.IncEncoder_AngleZero) refers to gpio.o(i.MyGPIO_Read) for MyGPIO_Read
    girouette.o(i.IncEncoder_GPIO_Config) refers to gpio.o(i.MyGPIO_Init) for MyGPIO_Init
    girouette.o(i.IncEncoder_TIMER_Config) refers to girouette.o(i.IncEncoder_GPIO_Config) for IncEncoder_GPIO_Config
    girouette.o(i.IncEncoder_TIMER_Config) refers to girouette.o(i.IncEncoder_TIMER_Mode_3) for IncEncoder_TIMER_Mode_3
    girouette.o(i.IncEncoder_TIMER_Mode_3) refers to timer.o(i.Timer_Active_Clock) for Timer_Active_Clock
    servomtr.o(i.Calcul_DutyCycle_SERVOMTR) refers to f2d.o(.text) for __aeabi_f2d
    servomtr.o(i.Calcul_DutyCycle_SERVOMTR) refers to cdrcmple.o(.text) for __aeabi_cdrcmple
    servomtr.o(i.Calcul_DutyCycle_SERVOMTR) refers to cdcmple.o(.text) for __aeabi_cdcmple
    servomtr.o(i.Calcul_DutyCycle_SERVOMTR) refers to ffixi.o(.text) for __aeabi_f2iz
    servomtr.o(i.Calcul_DutyCycle_SERVOMTR) refers to fflti.o(.text) for __aeabi_i2f
    servomtr.o(i.Commande_SERVOMTR) refers to servomtr.o(i.Calcul_DutyCycle_SERVOMTR) for Calcul_DutyCycle_SERVOMTR
    servomtr.o(i.Commande_SERVOMTR) refers to ffixi.o(.text) for __aeabi_f2iz
    servomtr.o(i.Commande_SERVOMTR) refers to timer.o(i.Timer_PWM_DutyCycle_Fix) for Timer_PWM_DutyCycle_Fix
    servomtr.o(i.Init_SERVOMTR) refers to gpio.o(i.MyGPIO_Init) for MyGPIO_Init
    servomtr.o(i.Init_SERVOMTR) refers to timer.o(i.Timer_PWM_Init) for Timer_PWM_Init
    plateaumtr.o(i.Commande_PLATEAUMTR) refers to usart.o(i.MYUSART_RECEIVE) for MYUSART_RECEIVE
    plateaumtr.o(i.Commande_PLATEAUMTR) refers to gpio.o(i.MyGPIO_Reset) for MyGPIO_Reset
    plateaumtr.o(i.Commande_PLATEAUMTR) refers to gpio.o(i.MyGPIO_Set) for MyGPIO_Set
    plateaumtr.o(i.Commande_PLATEAUMTR) refers to timer.o(i.Timer_PWM_DutyCycle_Fix) for Timer_PWM_DutyCycle_Fix
    plateaumtr.o(i.Init_PLATEAUMTR) refers to gpio.o(i.MyGPIO_Init) for MyGPIO_Init
    plateaumtr.o(i.Init_PLATEAUMTR) refers to timer.o(i.Timer_PWM_Init) for Timer_PWM_Init
    batterie.o(i.Charge_Batterie) refers to adc.o(i.Conf_ADC) for Conf_ADC
    batterie.o(i.Charge_Batterie) refers to adc.o(i.Valeur_ADC) for Valeur_ADC
    batterie.o(i.MyBatterie_Init) refers to gpio.o(i.MyGPIO_Init) for MyGPIO_Init
    batterie.o(i.MyBatterie_Init) refers to adc.o(i.MyADC_Init) for MyADC_Init
    gpio.o(i.MyGPIO_Toggle) refers to gpio.o(i.MyGPIO_Reset) for MyGPIO_Reset
    gpio.o(i.MyGPIO_Toggle) refers to gpio.o(i.MyGPIO_Set) for MyGPIO_Set
    timer.o(i.TIM2_IRQHandler) refers to timer.o(.data) for pFnc2
    timer.o(i.TIM3_IRQHandler) refers to timer.o(.data) for pFnc2
    timer.o(i.TIM4_IRQHandler) refers to timer.o(.data) for pFnc2
    timer.o(i.Timer_Active_IT) refers to timer.o(.data) for pFnc2
    timer.o(i.Timer_Init) refers to timer.o(i.Timer_Active_Clock) for Timer_Active_Clock
    timer.o(i.Timer_Init) refers to fflti.o(.text) for __aeabi_i2f
    timer.o(i.Timer_Init) refers to fmul.o(.text) for __aeabi_fmul
    timer.o(i.Timer_Init) refers to fdiv.o(.text) for __aeabi_fdiv
    timer.o(i.Timer_Init) refers to fadd.o(.text) for __aeabi_fsub
    timer.o(i.Timer_Init) refers to ffixi.o(.text) for __aeabi_f2iz
    timer.o(i.Timer_PWM_Init) refers to timer.o(i.Timer_Init) for Timer_Init
    usart.o(i.MYUSART_Config) refers to gpio.o(i.MyGPIO_Init) for MyGPIO_Init
    usart.o(i.MYUSART_IT) refers to usart.o(.data) for HandlerUSART1
    usart.o(i.USART1_IRQHandler) refers to usart.o(.data) for HandlerUSART1
    startup_stm32f10x_md.o(RESET) refers to startup_stm32f10x_md.o(STACK) for __initial_sp
    startup_stm32f10x_md.o(RESET) refers to startup_stm32f10x_md.o(.text) for Reset_Handler
    startup_stm32f10x_md.o(RESET) refers to girouette.o(i.EXTI9_5_IRQHandler) for EXTI9_5_IRQHandler
    startup_stm32f10x_md.o(RESET) refers to timer.o(i.TIM2_IRQHandler) for TIM2_IRQHandler
    startup_stm32f10x_md.o(RESET) refers to timer.o(i.TIM3_IRQHandler) for TIM3_IRQHandler
    startup_stm32f10x_md.o(RESET) refers to timer.o(i.TIM4_IRQHandler) for TIM4_IRQHandler
    startup_stm32f10x_md.o(RESET) refers to usart.o(i.USART1_IRQHandler) for USART1_IRQHandler
    startup_stm32f10x_md.o(.text) refers to system_stm32f10x.o(i.SystemInit) for SystemInit
    startup_stm32f10x_md.o(.text) refers to entry.o(.ARM.Collect$$$$00000000) for __main
    system_stm32f10x.o(i.SetSysClock) refers to system_stm32f10x.o(i.SetSysClockTo72) for SetSysClockTo72
    system_stm32f10x.o(i.SystemCoreClockUpdate) refers to system_stm32f10x.o(.data) for SystemCoreClock
    system_stm32f10x.o(i.SystemInit) refers to system_stm32f10x.o(i.SetSysClock) for SetSysClock
    entry.o(.ARM.Collect$$$$00000000) refers (Special) to entry10a.o(.ARM.Collect$$$$0000000F) for __rt_final_cpp
    entry.o(.ARM.Collect$$$$00000000) refers (Special) to entry11a.o(.ARM.Collect$$$$00000011) for __rt_final_exit
    entry.o(.ARM.Collect$$$$00000000) refers (Special) to entry12b.o(.ARM.Collect$$$$0000000E) for __rt_lib_shutdown_fini
    entry.o(.ARM.Collect$$$$00000000) refers (Special) to entry7b.o(.ARM.Collect$$$$00000008) for _main_clock
    entry.o(.ARM.Collect$$$$00000000) refers (Special) to entry8b.o(.ARM.Collect$$$$0000000A) for _main_cpp_init
    entry.o(.ARM.Collect$$$$00000000) refers (Special) to entry9a.o(.ARM.Collect$$$$0000000B) for _main_init
    entry.o(.ARM.Collect$$$$00000000) refers (Special) to entry5.o(.ARM.Collect$$$$00000004) for _main_scatterload
    entry.o(.ARM.Collect$$$$00000000) refers (Special) to entry2.o(.ARM.Collect$$$$00000001) for _main_stk
    fadd.o(.text) refers (Special) to iusefp.o(.text) for __I$use$fp
    fadd.o(.text) refers to fepilogue.o(.text) for _float_epilogue
    fmul.o(.text) refers (Special) to iusefp.o(.text) for __I$use$fp
    fdiv.o(.text) refers (Special) to iusefp.o(.text) for __I$use$fp
    fdiv.o(.text) refers to fepilogue.o(.text) for _float_round
    fflti.o(.text) refers (Special) to iusefp.o(.text) for __I$use$fp
    fflti.o(.text) refers to fepilogue.o(.text) for _float_epilogue
    ffltui.o(.text) refers (Special) to iusefp.o(.text) for __I$use$fp
    ffltui.o(.text) refers to fepilogue.o(.text) for _float_epilogue
    ffixi.o(.text) refers (Special) to iusefp.o(.text) for __I$use$fp
    f2d.o(.text) refers (Special) to iusefp.o(.text) for __I$use$fp
    cdcmple.o(.text) refers (Special) to iusefp.o(.text) for __I$use$fp
    cdrcmple.o(.text) refers (Special) to iusefp.o(.text) for __I$use$fp
    entry2.o(.ARM.Collect$$$$00000001) refers to entry2.o(.ARM.Collect$$$$00002712) for __lit__00000000
    entry2.o(.ARM.Collect$$$$00002712) refers to startup_stm32f10x_md.o(STACK) for __initial_sp
    entry2.o(__vectab_stack_and_reset_area) refers to startup_stm32f10x_md.o(STACK) for __initial_sp
    entry2.o(__vectab_stack_and_reset_area) refers to entry.o(.ARM.Collect$$$$00000000) for __main
    entry5.o(.ARM.Collect$$$$00000004) refers to init.o(.text) for __scatterload
    entry9a.o(.ARM.Collect$$$$0000000B) refers to principale.o(i.main) for main
    entry9b.o(.ARM.Collect$$$$0000000C) refers to principale.o(i.main) for main
    init.o(.text) refers to entry5.o(.ARM.Collect$$$$00000004) for __main_after_scatterload


==============================================================================

Removing Unused input sections from the image.

    Removing principale.o(.rev16_text), (4 bytes).
    Removing principale.o(.revsh_text), (4 bytes).
    Removing principale.o(.rrx_text), (6 bytes).
    Removing girouette.o(.rev16_text), (4 bytes).
    Removing girouette.o(.revsh_text), (4 bytes).
    Removing girouette.o(.rrx_text), (6 bytes).
    Removing servomtr.o(.rev16_text), (4 bytes).
    Removing servomtr.o(.revsh_text), (4 bytes).
    Removing servomtr.o(.rrx_text), (6 bytes).
    Removing plateaumtr.o(.rev16_text), (4 bytes).
    Removing plateaumtr.o(.revsh_text), (4 bytes).
    Removing plateaumtr.o(.rrx_text), (6 bytes).
    Removing batterie.o(.rev16_text), (4 bytes).
    Removing batterie.o(.revsh_text), (4 bytes).
    Removing batterie.o(.rrx_text), (6 bytes).
    Removing batterie.o(i.Charge_Batterie), (24 bytes).
    Removing batterie.o(i.MyBatterie_Init), (32 bytes).
    Removing gpio.o(.rev16_text), (4 bytes).
    Removing gpio.o(.revsh_text), (4 bytes).
    Removing gpio.o(.rrx_text), (6 bytes).
    Removing gpio.o(i.MyGPIO_Toggle), (42 bytes).
    Removing timer.o(.rev16_text), (4 bytes).
    Removing timer.o(.revsh_text), (4 bytes).
    Removing timer.o(.rrx_text), (6 bytes).
    Removing timer.o(i.Timer_Active_IT), (156 bytes).
    Removing adc.o(.rev16_text), (4 bytes).
    Removing adc.o(.revsh_text), (4 bytes).
    Removing adc.o(.rrx_text), (6 bytes).
    Removing adc.o(i.Conf_ADC), (24 bytes).
    Removing adc.o(i.MyADC_Init), (104 bytes).
    Removing adc.o(i.Valeur_ADC), (26 bytes).
    Removing usart.o(.rev16_text), (4 bytes).
    Removing usart.o(.revsh_text), (4 bytes).
    Removing usart.o(.rrx_text), (6 bytes).
    Removing startup_stm32f10x_md.o(HEAP), (512 bytes).
    Removing system_stm32f10x.o(.rev16_text), (4 bytes).
    Removing system_stm32f10x.o(.revsh_text), (4 bytes).
    Removing system_stm32f10x.o(.rrx_text), (6 bytes).
    Removing system_stm32f10x.o(i.SystemCoreClockUpdate), (164 bytes).
    Removing system_stm32f10x.o(.data), (20 bytes).

40 unused section(s) (total 1244 bytes) removed from the image.

==============================================================================

Image Symbol Table

    Local Symbols

    Symbol Name                              Value     Ov Type        Size  Object(Section)

    ../clib/microlib/init/entry.s            0x00000000   Number         0  entry12b.o ABSOLUTE
    ../clib/microlib/init/entry.s            0x00000000   Number         0  entry11b.o ABSOLUTE
    ../clib/microlib/init/entry.s            0x00000000   Number         0  entry7a.o ABSOLUTE
    ../clib/microlib/init/entry.s            0x00000000   Number         0  entry5.o ABSOLUTE
    ../clib/microlib/init/entry.s            0x00000000   Number         0  entry12a.o ABSOLUTE
    ../clib/microlib/init/entry.s            0x00000000   Number         0  entry8a.o ABSOLUTE
    ../clib/microlib/init/entry.s            0x00000000   Number         0  entry2.o ABSOLUTE
    ../clib/microlib/init/entry.s            0x00000000   Number         0  entry.o ABSOLUTE
    ../clib/microlib/init/entry.s            0x00000000   Number         0  entry7b.o ABSOLUTE
    ../clib/microlib/init/entry.s            0x00000000   Number         0  entry8b.o ABSOLUTE
    ../clib/microlib/init/entry.s            0x00000000   Number         0  entry9a.o ABSOLUTE
    ../clib/microlib/init/entry.s            0x00000000   Number         0  entry9b.o ABSOLUTE
    ../clib/microlib/init/entry.s            0x00000000   Number         0  entry10a.o ABSOLUTE
    ../clib/microlib/init/entry.s            0x00000000   Number         0  entry10b.o ABSOLUTE
    ../clib/microlib/init/entry.s            0x00000000   Number         0  entry11a.o ABSOLUTE
    ../clib/microlib/stubs.s                 0x00000000   Number         0  iusefp.o ABSOLUTE
    ../fplib/microlib/f2d.c                  0x00000000   Number         0  f2d.o ABSOLUTE
    ../fplib/microlib/fpadd.c                0x00000000   Number         0  fadd.o ABSOLUTE
    ../fplib/microlib/fpdiv.c                0x00000000   Number         0  fdiv.o ABSOLUTE
    ../fplib/microlib/fpepilogue.c           0x00000000   Number         0  fepilogue.o ABSOLUTE
    ../fplib/microlib/fpfix.c                0x00000000   Number         0  ffixi.o ABSOLUTE
    ../fplib/microlib/fpflt.c                0x00000000   Number         0  fflti.o ABSOLUTE
    ../fplib/microlib/fpflt.c                0x00000000   Number         0  ffltui.o ABSOLUTE
    ../fplib/microlib/fpmul.c                0x00000000   Number         0  fmul.o ABSOLUTE
    MesDrivers\ADC.c                         0x00000000   Number         0  adc.o ABSOLUTE
    MesDrivers\GPIO.c                        0x00000000   Number         0  gpio.o ABSOLUTE
    MesDrivers\TIMER.c                       0x00000000   Number         0  timer.o ABSOLUTE
    MesDrivers\USART.c                       0x00000000   Number         0  usart.o ABSOLUTE
    MesDrivers\\ADC.c                        0x00000000   Number         0  adc.o ABSOLUTE
    MesDrivers\\GPIO.c                       0x00000000   Number         0  gpio.o ABSOLUTE
    MesDrivers\\TIMER.c                      0x00000000   Number         0  timer.o ABSOLUTE
    MesDrivers\\USART.c                      0x00000000   Number         0  usart.o ABSOLUTE
    MesServices\BATTERIE.c                   0x00000000   Number         0  batterie.o ABSOLUTE
    MesServices\GIROUETTE.c                  0x00000000   Number         0  girouette.o ABSOLUTE
    MesServices\PLATEAUMTR.c                 0x00000000   Number         0  plateaumtr.o ABSOLUTE
    MesServices\SERVOMTR.c                   0x00000000   Number         0  servomtr.o ABSOLUTE
    MesServices\\BATTERIE.c                  0x00000000   Number         0  batterie.o ABSOLUTE
    MesServices\\GIROUETTE.c                 0x00000000   Number         0  girouette.o ABSOLUTE
    MesServices\\PLATEAUMTR.c                0x00000000   Number         0  plateaumtr.o ABSOLUTE
    MesServices\\SERVOMTR.c                  0x00000000   Number         0  servomtr.o ABSOLUTE
    RTE\Device\STM32F103RB\startup_stm32f10x_md.s 0x00000000   Number         0  startup_stm32f10x_md.o ABSOLUTE
    RTE\Device\STM32F103RB\system_stm32f10x.c 0x00000000   Number         0  system_stm32f10x.o ABSOLUTE
    RTE\\Device\\STM32F103RB\\system_stm32f10x.c 0x00000000   Number         0  system_stm32f10x.o ABSOLUTE
    Source\Principale.c                      0x00000000   Number         0  principale.o ABSOLUTE
    Source\\Principale.c                     0x00000000   Number         0  principale.o ABSOLUTE
    cdcmple.s                                0x00000000   Number         0  cdcmple.o ABSOLUTE
    cdrcmple.s                               0x00000000   Number         0  cdrcmple.o ABSOLUTE
    dc.s                                     0x00000000   Number         0  dc.o ABSOLUTE
    handlers.s                               0x00000000   Number         0  handlers.o ABSOLUTE
    init.s                                   0x00000000   Number         0  init.o ABSOLUTE
    RESET                                    0x08000000   Section      236  startup_stm32f10x_md.o(RESET)
    .ARM.Collect$$$$00000000                 0x080000ec   Section        0  entry.o(.ARM.Collect$$$$00000000)
    .ARM.Collect$$$$00000001                 0x080000ec   Section        4  entry2.o(.ARM.Collect$$$$00000001)
    .ARM.Collect$$$$00000004                 0x080000f0   Section        4  entry5.o(.ARM.Collect$$$$00000004)
    .ARM.Collect$$$$00000008                 0x080000f4   Section        0  entry7b.o(.ARM.Collect$$$$00000008)
    .ARM.Collect$$$$0000000A                 0x080000f4   Section        0  entry8b.o(.ARM.Collect$$$$0000000A)
    .ARM.Collect$$$$0000000B                 0x080000f4   Section        8  entry9a.o(.ARM.Collect$$$$0000000B)
    .ARM.Collect$$$$0000000E                 0x080000fc   Section        4  entry12b.o(.ARM.Collect$$$$0000000E)
    .ARM.Collect$$$$0000000F                 0x08000100   Section        0  entry10a.o(.ARM.Collect$$$$0000000F)
    .ARM.Collect$$$$00000011                 0x08000100   Section        0  entry11a.o(.ARM.Collect$$$$00000011)
    .ARM.Collect$$$$00002712                 0x08000100   Section        4  entry2.o(.ARM.Collect$$$$00002712)
    __lit__00000000                          0x08000100   Data           4  entry2.o(.ARM.Collect$$$$00002712)
    .text                                    0x08000104   Section       36  startup_stm32f10x_md.o(.text)
    .text                                    0x08000128   Section        0  fadd.o(.text)
    .text                                    0x080001d8   Section        0  fmul.o(.text)
    .text                                    0x0800023c   Section        0  fdiv.o(.text)
    .text                                    0x080002b8   Section        0  fflti.o(.text)
    .text                                    0x080002ca   Section        0  ffltui.o(.text)
    .text                                    0x080002d4   Section        0  ffixi.o(.text)
    .text                                    0x08000306   Section        0  f2d.o(.text)
    .text                                    0x0800032c   Section       48  cdcmple.o(.text)
    .text                                    0x0800035c   Section       48  cdrcmple.o(.text)
    .text                                    0x0800038c   Section        0  iusefp.o(.text)
    .text                                    0x0800038c   Section        0  fepilogue.o(.text)
    .text                                    0x080003fc   Section       36  init.o(.text)
    i.Calcul_DutyCycle_SERVOMTR              0x08000420   Section        0  servomtr.o(i.Calcul_DutyCycle_SERVOMTR)
    i.Commande_PLATEAUMTR                    0x0800051c   Section        0  plateaumtr.o(i.Commande_PLATEAUMTR)
    i.Commande_SERVOMTR                      0x08000550   Section        0  servomtr.o(i.Commande_SERVOMTR)
    i.Conf_Girouette                         0x08000574   Section        0  girouette.o(i.Conf_Girouette)
    i.EXTI9_5_IRQHandler                     0x08000580   Section        0  girouette.o(i.EXTI9_5_IRQHandler)
    i.Get_Angle_Girouette                    0x0800059c   Section        0  girouette.o(i.Get_Angle_Girouette)
    i.IncEncoder_AngleZero                   0x080005bc   Section        0  girouette.o(i.IncEncoder_AngleZero)
    i.IncEncoder_GPIO_Config                 0x080005e4   Section        0  girouette.o(i.IncEncoder_GPIO_Config)
    i.IncEncoder_TIMER_Config                0x08000610   Section        0  girouette.o(i.IncEncoder_TIMER_Config)
    i.IncEncoder_TIMER_Mode_3                0x08000668   Section        0  girouette.o(i.IncEncoder_TIMER_Mode_3)
    i.Init_PLATEAUMTR                        0x08000690   Section        0  plateaumtr.o(i.Init_PLATEAUMTR)
    i.Init_SERVOMTR                          0x080006d0   Section        0  servomtr.o(i.Init_SERVOMTR)
    i.MYUSART_Config                         0x08000704   Section        0  usart.o(i.MYUSART_Config)
    i.MYUSART_IT                             0x08000764   Section        0  usart.o(i.MYUSART_IT)
    i.MYUSART_RECEIVE                        0x080007a0   Section        0  usart.o(i.MYUSART_RECEIVE)
    i.MyGPIO_Init                            0x080007ac   Section        0  gpio.o(i.MyGPIO_Init)
    i.MyGPIO_Read                            0x08000870   Section        0  gpio.o(i.MyGPIO_Read)
    i.MyGPIO_Reset                           0x08000882   Section        0  gpio.o(i.MyGPIO_Reset)
    i.MyGPIO_Set                             0x0800088e   Section        0  gpio.o(i.MyGPIO_Set)
    i.SetSysClock                            0x0800089a   Section        0  system_stm32f10x.o(i.SetSysClock)
    SetSysClock                              0x0800089b   Thumb Code     8  system_stm32f10x.o(i.SetSysClock)
    i.SetSysClockTo72                        0x080008a4   Section        0  system_stm32f10x.o(i.SetSysClockTo72)
    SetSysClockTo72                          0x080008a5   Thumb Code   214  system_stm32f10x.o(i.SetSysClockTo72)
    i.SystemInit                             0x08000984   Section        0  system_stm32f10x.o(i.SystemInit)
    i.TIM2_IRQHandler                        0x080009e4   Section        0  timer.o(i.TIM2_IRQHandler)
    i.TIM3_IRQHandler                        0x08000a08   Section        0  timer.o(i.TIM3_IRQHandler)
    i.TIM4_IRQHandler                        0x08000a2c   Section        0  timer.o(i.TIM4_IRQHandler)
    i.Timer_Active_Clock                     0x08000a50   Section        0  timer.o(i.Timer_Active_Clock)
    i.Timer_Init                             0x08000ab0   Section        0  timer.o(i.Timer_Init)
    i.Timer_PWM_DutyCycle_Fix                0x08000af8   Section        0  timer.o(i.Timer_PWM_DutyCycle_Fix)
    i.Timer_PWM_Init                         0x08000b58   Section        0  timer.o(i.Timer_PWM_Init)
    i.USART1_IRQHandler                      0x08000c20   Section        0  usart.o(i.USART1_IRQHandler)
    i.__scatterload_copy                     0x08000c44   Section       14  handlers.o(i.__scatterload_copy)
    i.__scatterload_null                     0x08000c52   Section        2  handlers.o(i.__scatterload_null)
    i.__scatterload_zeroinit                 0x08000c54   Section       14  handlers.o(i.__scatterload_zeroinit)
    i.main                                   0x08000c64   Section        0  principale.o(i.main)
    .data                                    0x20000000   Section        4  principale.o(.data)
    .data                                    0x20000004   Section        4  timer.o(.data)
    .data                                    0x20000008   Section        4  usart.o(.data)
    STACK                                    0x20000010   Section     1024  startup_stm32f10x_md.o(STACK)

    Global Symbols

    Symbol Name                              Value     Ov Type        Size  Object(Section)

    BuildAttributes$$THM_ISAv4$P$D$K$B$S$PE$A:L22UL41UL21$X:L11$S22US41US21$IEEE1$IW$USESV6$~STKCKD$USESV7$~SHL$OTIME$ROPI$EBA8$MICROLIB$REQ8$PRES8$EABIv2 0x00000000   Number         0  anon$$obj.o ABSOLUTE
    __ARM_use_no_argv                        0x00000000   Number         0  principale.o ABSOLUTE
    __arm_fini_                               - Undefined Weak Reference
    __cpp_initialize__aeabi_                  - Undefined Weak Reference
    __cxa_finalize                            - Undefined Weak Reference
    __decompress                              - Undefined Weak Reference
    _clock_init                               - Undefined Weak Reference
    _microlib_exit                            - Undefined Weak Reference
    __Vectors_Size                           0x000000ec   Number         0  startup_stm32f10x_md.o ABSOLUTE
    __Vectors                                0x08000000   Data           4  startup_stm32f10x_md.o(RESET)
    __Vectors_End                            0x080000ec   Data           0  startup_stm32f10x_md.o(RESET)
    __main                                   0x080000ed   Thumb Code     0  entry.o(.ARM.Collect$$$$00000000)
    _main_stk                                0x080000ed   Thumb Code     0  entry2.o(.ARM.Collect$$$$00000001)
    _main_scatterload                        0x080000f1   Thumb Code     0  entry5.o(.ARM.Collect$$$$00000004)
    __main_after_scatterload                 0x080000f5   Thumb Code     0  entry5.o(.ARM.Collect$$$$00000004)
    _main_clock                              0x080000f5   Thumb Code     0  entry7b.o(.ARM.Collect$$$$00000008)
    _main_cpp_init                           0x080000f5   Thumb Code     0  entry8b.o(.ARM.Collect$$$$0000000A)
    _main_init                               0x080000f5   Thumb Code     0  entry9a.o(.ARM.Collect$$$$0000000B)
    __rt_lib_shutdown_fini                   0x080000fd   Thumb Code     0  entry12b.o(.ARM.Collect$$$$0000000E)
    __rt_final_cpp                           0x08000101   Thumb Code     0  entry10a.o(.ARM.Collect$$$$0000000F)
    __rt_final_exit                          0x08000101   Thumb Code     0  entry11a.o(.ARM.Collect$$$$00000011)
    Reset_Handler                            0x08000105   Thumb Code     8  startup_stm32f10x_md.o(.text)
    NMI_Handler                              0x0800010d   Thumb Code     2  startup_stm32f10x_md.o(.text)
    HardFault_Handler                        0x0800010f   Thumb Code     2  startup_stm32f10x_md.o(.text)
    MemManage_Handler                        0x08000111   Thumb Code     2  startup_stm32f10x_md.o(.text)
    BusFault_Handler                         0x08000113   Thumb Code     2  startup_stm32f10x_md.o(.text)
    UsageFault_Handler                       0x08000115   Thumb Code     2  startup_stm32f10x_md.o(.text)
    SVC_Handler                              0x08000117   Thumb Code     2  startup_stm32f10x_md.o(.text)
    DebugMon_Handler                         0x08000119   Thumb Code     2  startup_stm32f10x_md.o(.text)
    PendSV_Handler                           0x0800011b   Thumb Code     2  startup_stm32f10x_md.o(.text)
    SysTick_Handler                          0x0800011d   Thumb Code     2  startup_stm32f10x_md.o(.text)
    ADC1_2_IRQHandler                        0x0800011f   Thumb Code     0  startup_stm32f10x_md.o(.text)
    CAN1_RX1_IRQHandler                      0x0800011f   Thumb Code     0  startup_stm32f10x_md.o(.text)
    CAN1_SCE_IRQHandler                      0x0800011f   Thumb Code     0  startup_stm32f10x_md.o(.text)
    DMA1_Channel1_IRQHandler                 0x0800011f   Thumb Code     0  startup_stm32f10x_md.o(.text)
    DMA1_Channel2_IRQHandler                 0x0800011f   Thumb Code     0  startup_stm32f10x_md.o(.text)
    DMA1_Channel3_IRQHandler                 0x0800011f   Thumb Code     0  startup_stm32f10x_md.o(.text)
    DMA1_Channel4_IRQHandler                 0x0800011f   Thumb Code     0  startup_stm32f10x_md.o(.text)
    DMA1_Channel5_IRQHandler                 0x0800011f   Thumb Code     0  startup_stm32f10x_md.o(.text)
    DMA1_Channel6_IRQHandler                 0x0800011f   Thumb Code     0  startup_stm32f10x_md.o(.text)
    DMA1_Channel7_IRQHandler                 0x0800011f   Thumb Code     0  startup_stm32f10x_md.o(.text)
    EXTI0_IRQHandler                         0x0800011f   Thumb Code     0  startup_stm32f10x_md.o(.text)
    EXTI15_10_IRQHandler                     0x0800011f   Thumb Code     0  startup_stm32f10x_md.o(.text)
    EXTI1_IRQHandler                         0x0800011f   Thumb Code     0  startup_stm32f10x_md.o(.text)
    EXTI2_IRQHandler                         0x0800011f   Thumb Code     0  startup_stm32f10x_md.o(.text)
    EXTI3_IRQHandler                         0x0800011f   Thumb Code     0  startup_stm32f10x_md.o(.text)
    EXTI4_IRQHandler                         0x0800011f   Thumb Code     0  startup_stm32f10x_md.o(.text)
    FLASH_IRQHandler                         0x0800011f   Thumb Code     0  startup_stm32f10x_md.o(.text)
    I2C1_ER_IRQHandler                       0x0800011f   Thumb Code     0  startup_stm32f10x_md.o(.text)
    I2C1_EV_IRQHandler                       0x0800011f   Thumb Code     0  startup_stm32f10x_md.o(.text)
    I2C2_ER_IRQHandler                       0x0800011f   Thumb Code     0  startup_stm32f10x_md.o(.text)
    I2C2_EV_IRQHandler                       0x0800011f   Thumb Code     0  startup_stm32f10x_md.o(.text)
    PVD_IRQHandler                           0x0800011f   Thumb Code     0  startup_stm32f10x_md.o(.text)
    RCC_IRQHandler                           0x0800011f   Thumb Code     0  startup_stm32f10x_md.o(.text)
    RTCAlarm_IRQHandler                      0x0800011f   Thumb Code     0  startup_stm32f10x_md.o(.text)
    RTC_IRQHandler                           0x0800011f   Thumb Code     0  startup_stm32f10x_md.o(.text)
    SPI1_IRQHandler                          0x0800011f   Thumb Code     0  startup_stm32f10x_md.o(.text)
    SPI2_IRQHandler                          0x0800011f   Thumb Code     0  startup_stm32f10x_md.o(.text)
    TAMPER_IRQHandler                        0x0800011f   Thumb Code     0  startup_stm32f10x_md.o(.text)
    TIM1_BRK_IRQHandler                      0x0800011f   Thumb Code     0  startup_stm32f10x_md.o(.text)
    TIM1_CC_IRQHandler                       0x0800011f   Thumb Code     0  startup_stm32f10x_md.o(.text)
    TIM1_TRG_COM_IRQHandler                  0x0800011f   Thumb Code     0  startup_stm32f10x_md.o(.text)
    TIM1_UP_IRQHandler                       0x0800011f   Thumb Code     0  startup_stm32f10x_md.o(.text)
    USART2_IRQHandler                        0x0800011f   Thumb Code     0  startup_stm32f10x_md.o(.text)
    USART3_IRQHandler                        0x0800011f   Thumb Code     0  startup_stm32f10x_md.o(.text)
    USBWakeUp_IRQHandler                     0x0800011f   Thumb Code     0  startup_stm32f10x_md.o(.text)
    USB_HP_CAN1_TX_IRQHandler                0x0800011f   Thumb Code     0  startup_stm32f10x_md.o(.text)
    USB_LP_CAN1_RX0_IRQHandler               0x0800011f   Thumb Code     0  startup_stm32f10x_md.o(.text)
    WWDG_IRQHandler                          0x0800011f   Thumb Code     0  startup_stm32f10x_md.o(.text)
    __aeabi_fadd                             0x08000129   Thumb Code   164  fadd.o(.text)
    __aeabi_fsub                             0x080001cd   Thumb Code     6  fadd.o(.text)
    __aeabi_frsub                            0x080001d3   Thumb Code     6  fadd.o(.text)
    __aeabi_fmul                             0x080001d9   Thumb Code   100  fmul.o(.text)
    __aeabi_fdiv                             0x0800023d   Thumb Code   124  fdiv.o(.text)
    __aeabi_i2f                              0x080002b9   Thumb Code    18  fflti.o(.text)
    __aeabi_ui2f                             0x080002cb   Thumb Code    10  ffltui.o(.text)
    __aeabi_f2iz                             0x080002d5   Thumb Code    50  ffixi.o(.text)
    __aeabi_f2d                              0x08000307   Thumb Code    38  f2d.o(.text)
    __aeabi_cdcmpeq                          0x0800032d   Thumb Code     0  cdcmple.o(.text)
    __aeabi_cdcmple                          0x0800032d   Thumb Code    48  cdcmple.o(.text)
    __aeabi_cdrcmple                         0x0800035d   Thumb Code    48  cdrcmple.o(.text)
    __I$use$fp                               0x0800038d   Thumb Code     0  iusefp.o(.text)
    _float_round                             0x0800038d   Thumb Code    18  fepilogue.o(.text)
    _float_epilogue                          0x0800039f   Thumb Code    92  fepilogue.o(.text)
    __scatterload                            0x080003fd   Thumb Code    28  init.o(.text)
    __scatterload_rt2                        0x080003fd   Thumb Code     0  init.o(.text)
    Calcul_DutyCycle_SERVOMTR                0x08000421   Thumb Code   214  servomtr.o(i.Calcul_DutyCycle_SERVOMTR)
    Commande_PLATEAUMTR                      0x0800051d   Thumb Code    46  plateaumtr.o(i.Commande_PLATEAUMTR)
    Commande_SERVOMTR                        0x08000551   Thumb Code    30  servomtr.o(i.Commande_SERVOMTR)
    Conf_Girouette                           0x08000575   Thumb Code    12  girouette.o(i.Conf_Girouette)
    EXTI9_5_IRQHandler                       0x08000581   Thumb Code    20  girouette.o(i.EXTI9_5_IRQHandler)
    Get_Angle_Girouette                      0x0800059d   Thumb Code    28  girouette.o(i.Get_Angle_Girouette)
    IncEncoder_AngleZero                     0x080005bd   Thumb Code    30  girouette.o(i.IncEncoder_AngleZero)
    IncEncoder_GPIO_Config                   0x080005e5   Thumb Code    40  girouette.o(i.IncEncoder_GPIO_Config)
    IncEncoder_TIMER_Config                  0x08000611   Thumb Code    70  girouette.o(i.IncEncoder_TIMER_Config)
    IncEncoder_TIMER_Mode_3                  0x08000669   Thumb Code    38  girouette.o(i.IncEncoder_TIMER_Mode_3)
    Init_PLATEAUMTR                          0x08000691   Thumb Code    54  plateaumtr.o(i.Init_PLATEAUMTR)
    Init_SERVOMTR                            0x080006d1   Thumb Code    38  servomtr.o(i.Init_SERVOMTR)
    MYUSART_Config                           0x08000705   Thumb Code    84  usart.o(i.MYUSART_Config)
    MYUSART_IT                               0x08000765   Thumb Code    42  usart.o(i.MYUSART_IT)
    MYUSART_RECEIVE                          0x080007a1   Thumb Code     8  usart.o(i.MYUSART_RECEIVE)
    MyGPIO_Init                              0x080007ad   Thumb Code   176  gpio.o(i.MyGPIO_Init)
    MyGPIO_Read                              0x08000871   Thumb Code    18  gpio.o(i.MyGPIO_Read)
    MyGPIO_Reset                             0x08000883   Thumb Code    12  gpio.o(i.MyGPIO_Reset)
    MyGPIO_Set                               0x0800088f   Thumb Code    12  gpio.o(i.MyGPIO_Set)
    SystemInit                               0x08000985   Thumb Code    78  system_stm32f10x.o(i.SystemInit)
    TIM2_IRQHandler                          0x080009e5   Thumb Code    32  timer.o(i.TIM2_IRQHandler)
    TIM3_IRQHandler                          0x08000a09   Thumb Code    28  timer.o(i.TIM3_IRQHandler)
    TIM4_IRQHandler                          0x08000a2d   Thumb Code    28  timer.o(i.TIM4_IRQHandler)
    Timer_Active_Clock                       0x08000a51   Thumb Code    80  timer.o(i.Timer_Active_Clock)
    Timer_Init                               0x08000ab1   Thumb Code    66  timer.o(i.Timer_Init)
    Timer_PWM_DutyCycle_Fix                  0x08000af9   Thumb Code    94  timer.o(i.Timer_PWM_DutyCycle_Fix)
    Timer_PWM_Init                           0x08000b59   Thumb Code   196  timer.o(i.Timer_PWM_Init)
    USART1_IRQHandler                        0x08000c21   Thumb Code    28  usart.o(i.USART1_IRQHandler)
    __scatterload_copy                       0x08000c45   Thumb Code    14  handlers.o(i.__scatterload_copy)
    __scatterload_null                       0x08000c53   Thumb Code     2  handlers.o(i.__scatterload_null)
    __scatterload_zeroinit                   0x08000c55   Thumb Code    14  handlers.o(i.__scatterload_zeroinit)
    main                                     0x08000c65   Thumb Code    44  principale.o(i.main)
    Region$$Table$$Base                      0x08000c98   Number         0  anon$$obj.o(Region$$Table)
    Region$$Table$$Limit                     0x08000cb8   Number         0  anon$$obj.o(Region$$Table)
    theta                                    0x20000000   Data           4  principale.o(.data)
    pFnc2                                    0x20000004   Data           4  timer.o(.data)
    HandlerUSART1                            0x20000008   Data           4  usart.o(.data)
    __initial_sp                             0x20000410   Data           0  startup_stm32f10x_md.o(STACK)



==============================================================================

Memory Map of the image

  Image Entry point : 0x08000105

  Load Region LR_1 (Base: 0x08000000, Size: 0x00000cc4, Max: 0xffffffff, ABSOLUTE)

    Execution Region ER_RO (Exec base: 0x08000000, Load base: 0x08000000, Size: 0x00000cb8, Max: 0xffffffff, ABSOLUTE)

    Exec Addr    Load Addr    Size         Type   Attr      Idx    E Section Name        Object

    0x08000000   0x08000000   0x000000ec   Data   RO          437    RESET               startup_stm32f10x_md.o
    0x080000ec   0x080000ec   0x00000000   Code   RO          488  * .ARM.Collect$$$$00000000  mc_w.l(entry.o)
    0x080000ec   0x080000ec   0x00000004   Code   RO          509    .ARM.Collect$$$$00000001  mc_w.l(entry2.o)
    0x080000f0   0x080000f0   0x00000004   Code   RO          512    .ARM.Collect$$$$00000004  mc_w.l(entry5.o)
    0x080000f4   0x080000f4   0x00000000   Code   RO          514    .ARM.Collect$$$$00000008  mc_w.l(entry7b.o)
    0x080000f4   0x080000f4   0x00000000   Code   RO          516    .ARM.Collect$$$$0000000A  mc_w.l(entry8b.o)
    0x080000f4   0x080000f4   0x00000008   Code   RO          517    .ARM.Collect$$$$0000000B  mc_w.l(entry9a.o)
    0x080000fc   0x080000fc   0x00000004   Code   RO          524    .ARM.Collect$$$$0000000E  mc_w.l(entry12b.o)
    0x08000100   0x08000100   0x00000000   Code   RO          519    .ARM.Collect$$$$0000000F  mc_w.l(entry10a.o)
    0x08000100   0x08000100   0x00000000   Code   RO          521    .ARM.Collect$$$$00000011  mc_w.l(entry11a.o)
    0x08000100   0x08000100   0x00000004   Code   RO          510    .ARM.Collect$$$$00002712  mc_w.l(entry2.o)
    0x08000104   0x08000104   0x00000024   Code   RO          438  * .text               startup_stm32f10x_md.o
    0x08000128   0x08000128   0x000000b0   Code   RO          491    .text               mf_w.l(fadd.o)
    0x080001d8   0x080001d8   0x00000064   Code   RO          493    .text               mf_w.l(fmul.o)
    0x0800023c   0x0800023c   0x0000007c   Code   RO          495    .text               mf_w.l(fdiv.o)
    0x080002b8   0x080002b8   0x00000012   Code   RO          497    .text               mf_w.l(fflti.o)
    0x080002ca   0x080002ca   0x0000000a   Code   RO          499    .text               mf_w.l(ffltui.o)
    0x080002d4   0x080002d4   0x00000032   Code   RO          501    .text               mf_w.l(ffixi.o)
    0x08000306   0x08000306   0x00000026   Code   RO          503    .text               mf_w.l(f2d.o)
    0x0800032c   0x0800032c   0x00000030   Code   RO          505    .text               mf_w.l(cdcmple.o)
    0x0800035c   0x0800035c   0x00000030   Code   RO          507    .text               mf_w.l(cdrcmple.o)
    0x0800038c   0x0800038c   0x00000000   Code   RO          525    .text               mc_w.l(iusefp.o)
    0x0800038c   0x0800038c   0x0000006e   Code   RO          526    .text               mf_w.l(fepilogue.o)
    0x080003fa   0x080003fa   0x00000002   PAD
    0x080003fc   0x080003fc   0x00000024   Code   RO          528    .text               mc_w.l(init.o)
    0x08000420   0x08000420   0x000000fc   Code   RO          138    i.Calcul_DutyCycle_SERVOMTR  servomtr.o
    0x0800051c   0x0800051c   0x00000034   Code   RO          174    i.Commande_PLATEAUMTR  plateaumtr.o
    0x08000550   0x08000550   0x00000024   Code   RO          139    i.Commande_SERVOMTR  servomtr.o
    0x08000574   0x08000574   0x0000000c   Code   RO           78    i.Conf_Girouette    girouette.o
    0x08000580   0x08000580   0x0000001c   Code   RO           79    i.EXTI9_5_IRQHandler  girouette.o
    0x0800059c   0x0800059c   0x00000020   Code   RO           80    i.Get_Angle_Girouette  girouette.o
    0x080005bc   0x080005bc   0x00000028   Code   RO           81    i.IncEncoder_AngleZero  girouette.o
    0x080005e4   0x080005e4   0x0000002c   Code   RO           82    i.IncEncoder_GPIO_Config  girouette.o
    0x08000610   0x08000610   0x00000058   Code   RO           83    i.IncEncoder_TIMER_Config  girouette.o
    0x08000668   0x08000668   0x00000026   Code   RO           84    i.IncEncoder_TIMER_Mode_3  girouette.o
    0x0800068e   0x0800068e   0x00000002   PAD
    0x08000690   0x08000690   0x00000040   Code   RO          175    i.Init_PLATEAUMTR   plateaumtr.o
    0x080006d0   0x080006d0   0x00000034   Code   RO          140    i.Init_SERVOMTR     servomtr.o
    0x08000704   0x08000704   0x00000060   Code   RO          393    i.MYUSART_Config    usart.o
    0x08000764   0x08000764   0x0000003c   Code   RO          394    i.MYUSART_IT        usart.o
    0x080007a0   0x080007a0   0x0000000c   Code   RO          395    i.MYUSART_RECEIVE   usart.o
    0x080007ac   0x080007ac   0x000000c4   Code   RO          240    i.MyGPIO_Init       gpio.o
    0x08000870   0x08000870   0x00000012   Code   RO          241    i.MyGPIO_Read       gpio.o
    0x08000882   0x08000882   0x0000000c   Code   RO          242    i.MyGPIO_Reset      gpio.o
    0x0800088e   0x0800088e   0x0000000c   Code   RO          243    i.MyGPIO_Set        gpio.o
    0x0800089a   0x0800089a   0x00000008   Code   RO          445    i.SetSysClock       system_stm32f10x.o
    0x080008a2   0x080008a2   0x00000002   PAD
    0x080008a4   0x080008a4   0x000000e0   Code   RO          446    i.SetSysClockTo72   system_stm32f10x.o
    0x08000984   0x08000984   0x00000060   Code   RO          448    i.SystemInit        system_stm32f10x.o
    0x080009e4   0x080009e4   0x00000024   Code   RO          288    i.TIM2_IRQHandler   timer.o
    0x08000a08   0x08000a08   0x00000024   Code   RO          289    i.TIM3_IRQHandler   timer.o
    0x08000a2c   0x08000a2c   0x00000024   Code   RO          290    i.TIM4_IRQHandler   timer.o
    0x08000a50   0x08000a50   0x00000060   Code   RO          291    i.Timer_Active_Clock  timer.o
    0x08000ab0   0x08000ab0   0x00000048   Code   RO          293    i.Timer_Init        timer.o
    0x08000af8   0x08000af8   0x0000005e   Code   RO          294    i.Timer_PWM_DutyCycle_Fix  timer.o
    0x08000b56   0x08000b56   0x00000002   PAD
    0x08000b58   0x08000b58   0x000000c8   Code   RO          295    i.Timer_PWM_Init    timer.o
    0x08000c20   0x08000c20   0x00000024   Code   RO          396    i.USART1_IRQHandler  usart.o
    0x08000c44   0x08000c44   0x0000000e   Code   RO          532    i.__scatterload_copy  mc_w.l(handlers.o)
    0x08000c52   0x08000c52   0x00000002   Code   RO          533    i.__scatterload_null  mc_w.l(handlers.o)
    0x08000c54   0x08000c54   0x0000000e   Code   RO          534    i.__scatterload_zeroinit  mc_w.l(handlers.o)
    0x08000c62   0x08000c62   0x00000002   PAD
    0x08000c64   0x08000c64   0x00000034   Code   RO            4    i.main              principale.o
    0x08000c98   0x08000c98   0x00000020   Data   RO          530    Region$$Table       anon$$obj.o


    Execution Region ER_RW (Exec base: 0x20000000, Load base: 0x08000cb8, Size: 0x0000000c, Max: 0xffffffff, ABSOLUTE)

    Exec Addr    Load Addr    Size         Type   Attr      Idx    E Section Name        Object

    0x20000000   0x08000cb8   0x00000004   Data   RW            5    .data               principale.o
    0x20000004   0x08000cbc   0x00000004   Data   RW          296    .data               timer.o
    0x20000008   0x08000cc0   0x00000004   Data   RW          397    .data               usart.o


    Execution Region ER_ZI (Exec base: 0x2000000c, Load base: 0x08000cc4, Size: 0x00000404, Max: 0xffffffff, ABSOLUTE)

    Exec Addr    Load Addr    Size         Type   Attr      Idx    E Section Name        Object

    0x2000000c   0x08000cc4   0x00000004   PAD
    0x20000010        -       0x00000400   Zero   RW          435    STACK               startup_stm32f10x_md.o


==============================================================================

Image component sizes


      Code (inc. data)   RO Data    RW Data    ZI Data      Debug   Object Name

       282         44          0          0          0       3648   girouette.o
       238         20          0          0          0       2512   gpio.o
       116         16          0          0          0        956   plateaumtr.o
        52          8          0          4          0     207047   principale.o
       340         58          0          0          0       1592   servomtr.o
        36          8        236          0       1024        808   startup_stm32f10x_md.o
       328         28          0          0          0       1977   system_stm32f10x.o
       570         46          0          4          0       4239   timer.o
       204         42          0          4          0       2392   usart.o

    ----------------------------------------------------------------------
      2172        270        268         12       1028     225171   Object Totals
         0          0         32          0          0          0   (incl. Generated)
         6          0          0          0          4          0   (incl. Padding)

    ----------------------------------------------------------------------

      Code (inc. data)   RO Data    RW Data    ZI Data      Debug   Library Member Name

         0          0          0          0          0          0   entry.o
         0          0          0          0          0          0   entry10a.o
         0          0          0          0          0          0   entry11a.o
         4          0          0          0          0          0   entry12b.o
         8          4          0          0          0          0   entry2.o
         4          0          0          0          0          0   entry5.o
         0          0          0          0          0          0   entry7b.o
         0          0          0          0          0          0   entry8b.o
         8          4          0          0          0          0   entry9a.o
        30          0          0          0          0          0   handlers.o
        36          8          0          0          0         68   init.o
         0          0          0          0          0          0   iusefp.o
        48          0          0          0          0         68   cdcmple.o
        48          0          0          0          0         68   cdrcmple.o
        38          0          0          0          0         68   f2d.o
       176          0          0          0          0        140   fadd.o
       124          0          0          0          0         88   fdiv.o
       110          0          0          0          0        168   fepilogue.o
        50          0          0          0          0         68   ffixi.o
        18          0          0          0          0         68   fflti.o
        10          0          0          0          0         68   ffltui.o
       100          0          0          0          0         76   fmul.o

    ----------------------------------------------------------------------
       816         16          0          0          0        948   Library Totals
         4          0          0          0          0          0   (incl. Padding)

    ----------------------------------------------------------------------

      Code (inc. data)   RO Data    RW Data    ZI Data      Debug   Library Name

        90         16          0          0          0         68   mc_w.l
       722          0          0          0          0        880   mf_w.l

    ----------------------------------------------------------------------
       816         16          0          0          0        948   Library Totals

    ----------------------------------------------------------------------

==============================================================================


      Code (inc. data)   RO Data    RW Data    ZI Data      Debug   

      2988        286        268         12       1028     224451   Grand Totals
      2988        286        268         12       1028     224451   ELF Image Totals
      2988        286        268         12          0          0   ROM Totals

==============================================================================

    Total RO  Size (Code + RO Data)                 3256 (   3.18kB)
    Total RW  Size (RW Data + ZI Data)              1040 (   1.02kB)
    Total ROM Size (Code + RO Data + RW Data)       3268 (   3.19kB)

==============================================================================

